npm warn exec The following package was not found and will be installed: vite@8.0.13
vite.config.js (2:29) [33m[UNRESOLVED_IMPORT] [0mCould not resolve 'vite' in vite.config.js
   [38;5;246m╭[0m[38;5;246m─[0m[38;5;246m[[0m vite.config.js:2:30 [38;5;246m][0m
   [38;5;246m│[0m
 [38;5;246m2 │[0m [38;5;249mi[0m[38;5;249mm[0m[38;5;249mp[0m[38;5;249mo[0m[38;5;249mr[0m[38;5;249mt[0m[38;5;249m [0m[38;5;249m{[0m[38;5;249m [0m[38;5;249md[0m[38;5;249me[0m[38;5;249mf[0m[38;5;249mi[0m[38;5;249mn[0m[38;5;249me[0m[38;5;249mC[0m[38;5;249mo[0m[38;5;249mn[0m[38;5;249mf[0m[38;5;249mi[0m[38;5;249mg[0m[38;5;249m [0m[38;5;249m}[0m[38;5;249m [0m[38;5;249mf[0m[38;5;249mr[0m[38;5;249mo[0m[38;5;249mm[0m[38;5;249m [0m"vite"[38;5;249m;[0m
 [38;5;240m  │[0m                              ───┬──
 [38;5;240m  │[0m                                 ╰──── Module not found, treating it as an external dependency
[38;5;246m───╯[0m

failed to load config from /app/vite.config.js
error when starting dev server:
Error: Cannot find module 'vite'
Require stack:
- /app/vite.config.js
- /home/jules/.npm/_npx/9ed06546b0653f96/node_modules/vite/dist/node/chunks/node.js
    at Function._resolveFilename (node:internal/modules/cjs/loader:1383:15)
    at defaultResolveImpl (node:internal/modules/cjs/loader:1025:19)
    at resolveForCJSWithHooks (node:internal/modules/cjs/loader:1030:22)
    at Function._load (node:internal/modules/cjs/loader:1192:37)
    at TracingChannel.traceSync (node:diagnostics_channel:328:14)
    at wrapModuleLoad (node:internal/modules/cjs/loader:237:24)
    at Module.require (node:internal/modules/cjs/loader:1463:12)
    at require (node:internal/modules/helpers:147:16)
    at Object.<anonymous> (/app/vite.config.js:2:31)
    at Module._compile (node:internal/modules/cjs/loader:1705:14) {
  code: 'MODULE_NOT_FOUND',
  requireStack: [
    '/app/vite.config.js',
    '/home/jules/.npm/_npx/9ed06546b0653f96/node_modules/vite/dist/node/chunks/node.js'
  ]
}
npm notice
npm notice New minor version of npm available! 11.11.0 -> 11.14.1
npm notice Changelog: https://github.com/npm/cli/releases/tag/v11.14.1
npm notice To update run: npm install -g npm@11.14.1
npm notice
